Copyright 1986-2022 Xilinx, Inc. All Rights Reserved. Copyright 2022-2023 Advanced Micro Devices, Inc. All Rights Reserved.
---------------------------------------------------------------------------------------------------------------------------------------------
| Tool Version : Vivado v.2023.2 (win64) Build 4029153 Fri Oct 13 20:14:34 MDT 2023
| Date         : Thu Dec 14 13:43:11 2023
| Host         : DESKTOP-BC6995K running 64-bit major release  (build 9200)
| Command      : report_control_sets -verbose -file IRIS_Block_Design_wrapper_control_sets_placed.rpt
| Design       : IRIS_Block_Design_wrapper
| Device       : xc7a100t
---------------------------------------------------------------------------------------------------------------------------------------------

Control Set Information

Table of Contents
-----------------
1. Summary
2. Histogram
3. Flip-Flop Distribution
4. Detailed Control Set Information

1. Summary
----------

+----------------------------------------------------------+-------+
|                          Status                          | Count |
+----------------------------------------------------------+-------+
| Total control sets                                       |    92 |
|    Minimum number of control sets                        |    92 |
|    Addition due to synthesis replication                 |     0 |
|    Addition due to physical synthesis replication        |     0 |
| Unused register locations in slices containing registers |   306 |
+----------------------------------------------------------+-------+
* Control sets can be merged at opt_design using control_set_merge or merge_equivalent_drivers
** Run report_qor_suggestions for automated merging and remapping suggestions


2. Histogram
------------

+--------------------+-------+
|       Fanout       | Count |
+--------------------+-------+
| Total control sets |    92 |
| >= 0 to < 4        |    10 |
| >= 4 to < 6        |    32 |
| >= 6 to < 8        |     7 |
| >= 8 to < 10       |     7 |
| >= 10 to < 12      |     2 |
| >= 12 to < 14      |     0 |
| >= 14 to < 16      |     0 |
| >= 16              |    34 |
+--------------------+-------+
* Control sets can be remapped at either synth_design or opt_design


3. Flip-Flop Distribution
-------------------------

+--------------+-----------------------+------------------------+-----------------+--------------+
| Clock Enable | Synchronous Set/Reset | Asynchronous Set/Reset | Total Registers | Total Slices |
+--------------+-----------------------+------------------------+-----------------+--------------+
| No           | No                    | No                     |             232 |           89 |
| No           | No                    | Yes                    |              29 |            8 |
| No           | Yes                   | No                     |             448 |          167 |
| Yes          | No                    | No                     |             234 |           75 |
| Yes          | No                    | Yes                    |              15 |            8 |
| Yes          | Yes                   | No                     |             640 |          203 |
+--------------+-----------------------+------------------------+-----------------+--------------+


4. Detailed Control Set Information
-----------------------------------

+---------------------------------------------------------------------+------------------------------------------------------------------------------------------------------------------------------------------------------------------------------------------------------------------+---------------------------------------------------------------------------------------------------------------------------------------------------------+------------------+----------------+--------------+
|                             Clock Signal                            |                                                                                                   Enable Signal                                                                                                  |                                                                     Set/Reset Signal                                                                    | Slice Load Count | Bel Load Count | Bels / Slice |
+---------------------------------------------------------------------+------------------------------------------------------------------------------------------------------------------------------------------------------------------------------------------------------------------+---------------------------------------------------------------------------------------------------------------------------------------------------------+------------------+----------------+--------------+
|  IRIS_Block_Design_i/mdm_1/U0/Use_E2.BSCAN_I/Dbg_Update_0_BUFG      | IRIS_Block_Design_i/microblaze_0/U0/MicroBlaze_Core_I/Performance.Core/Use_Debug_Logic.Master_Core.Debug_Perf/Control_Reg_En                                                                                     | IRIS_Block_Design_i/microblaze_0/U0/MicroBlaze_Core_I/Performance.Core/Use_Debug_Logic.Master_Core.Debug_Perf/start_single_step_reg_n_0                 |                1 |              1 |         1.00 |
|  IRIS_Block_Design_i/clk_wiz_0/inst/clk_out1                        |                                                                                                                                                                                                                  | IRIS_Block_Design_i/microblaze_0/U0/MicroBlaze_Core_I/Performance.Core/Use_Debug_Logic.Master_Core.Debug_Perf/Serial_Dbg_Intf.capture_1                 |                1 |              1 |         1.00 |
| ~IRIS_Block_Design_i/mdm_1/U0/No_Dbg_Reg_Access.BUFG_DRCK/Dbg_Clk_0 | IRIS_Block_Design_i/mdm_1/U0/MDM_Core_I1/JTAG_CONTROL_I/Use_BSCAN.FDC_I/CE                                                                                                                                       | IRIS_Block_Design_i/mdm_1/U0/MDM_Core_I1/JTAG_CONTROL_I/Use_BSCAN.FDC_I/D                                                                               |                1 |              1 |         1.00 |
| ~IRIS_Block_Design_i/mdm_1/U0/Use_E2.BSCAN_I/Dbg_Update_0_BUFG      |                                                                                                                                                                                                                  | IRIS_Block_Design_i/mdm_1/U0/MDM_Core_I1/JTAG_CONTROL_I/sel_n                                                                                           |                1 |              1 |         1.00 |
|  IRIS_Block_Design_i/mdm_1/U0/Use_E2.BSCAN_I/Dbg_Update_0_BUFG      | IRIS_Block_Design_i/microblaze_0/U0/MicroBlaze_Core_I/Performance.Core/Use_Debug_Logic.Master_Core.Debug_Perf/Control_Reg_En                                                                                     | IRIS_Block_Design_i/microblaze_0/U0/MicroBlaze_Core_I/Performance.Core/Use_Debug_Logic.Master_Core.Debug_Perf/Serial_Dbg_Intf.continue_from_brk_reg_n_0 |                1 |              1 |         1.00 |
|  IRIS_Block_Design_i/mdm_1/U0/Use_E2.BSCAN_I/Dbg_Update_0_BUFG      | IRIS_Block_Design_i/microblaze_0/U0/MicroBlaze_Core_I/Performance.Core/Use_Debug_Logic.Master_Core.Debug_Perf/Control_Reg_En                                                                                     | IRIS_Block_Design_i/microblaze_0/U0/MicroBlaze_Core_I/Performance.Core/Use_Debug_Logic.Master_Core.Debug_Perf/Serial_Dbg_Intf.force_stop_cmd_i_reg_0    |                1 |              1 |         1.00 |
|  IRIS_Block_Design_i/mdm_1/U0/Use_E2.BSCAN_I/Dbg_Update_0_BUFG      | IRIS_Block_Design_i/microblaze_0/U0/MicroBlaze_Core_I/Performance.Core/Use_Debug_Logic.Master_Core.Debug_Perf/Control_Reg_En                                                                                     | IRIS_Block_Design_i/microblaze_0/U0/MicroBlaze_Core_I/Performance.Core/Use_Debug_Logic.Master_Core.Debug_Perf/Serial_Dbg_Intf.normal_stop_cmd_i_reg_n_0 |                1 |              1 |         1.00 |
|  IRIS_Block_Design_i/mdm_1/U0/No_Dbg_Reg_Access.BUFG_DRCK/Dbg_Clk_0 | IRIS_Block_Design_i/mdm_1/U0/Use_E2.BSCAN_I/Use_E2.BSCANE2_I_0                                                                                                                                                   | IRIS_Block_Design_i/mdm_1/U0/MDM_Core_I1/JTAG_CONTROL_I/Functional_Reset                                                                                |                1 |              1 |         1.00 |
|  IRIS_Block_Design_i/mdm_1/U0/Use_E2.BSCAN_I/Dbg_Update_0_BUFG      | IRIS_Block_Design_i/microblaze_0/U0/MicroBlaze_Core_I/Performance.Core/Use_Debug_Logic.Master_Core.Debug_Perf/Command_Reg_En                                                                                     | IRIS_Block_Design_i/microblaze_0/U0/MicroBlaze_Core_I/Performance.Core/Use_Debug_Logic.Master_Core.Debug_Perf/command_reg_clear                         |                1 |              2 |         2.00 |
|  IRIS_Block_Design_i/mdm_1/U0/Use_E2.BSCAN_I/Dbg_Update_0_BUFG      |                                                                                                                                                                                                                  |                                                                                                                                                         |                2 |              3 |         1.50 |
| ~IRIS_Block_Design_i/mdm_1/U0/Use_E2.BSCAN_I/Dbg_Update_0_BUFG      |                                                                                                                                                                                                                  | IRIS_Block_Design_i/mdm_1/U0/Use_E2.BSCAN_I/AR[0]                                                                                                       |                1 |              4 |         4.00 |
|  IRIS_Block_Design_i/clk_wiz_0/inst/clk_out1                        | IRIS_Block_Design_i/axi_gpio_3/U0/AXI_LITE_IPIF_I/I_SLAVE_ATTACHMENT/bus2ip_addr_i[8]_i_1_n_0                                                                                                                    | IRIS_Block_Design_i/axi_gpio_3/U0/AXI_LITE_IPIF_I/I_SLAVE_ATTACHMENT/SS[0]                                                                              |                1 |              4 |         4.00 |
|  IRIS_Block_Design_i/clk_wiz_0/inst/clk_out1                        | IRIS_Block_Design_i/axi_gpio_4/U0/AXI_LITE_IPIF_I/I_SLAVE_ATTACHMENT/bus2ip_addr_i[8]_i_1_n_0                                                                                                                    | IRIS_Block_Design_i/axi_gpio_4/U0/AXI_LITE_IPIF_I/I_SLAVE_ATTACHMENT/SS[0]                                                                              |                1 |              4 |         4.00 |
|  IRIS_Block_Design_i/clk_wiz_0/inst/clk_out1                        | IRIS_Block_Design_i/axi_gpio_4/U0/AXI_LITE_IPIF_I/I_SLAVE_ATTACHMENT/start2                                                                                                                                      | IRIS_Block_Design_i/axi_gpio_4/U0/AXI_LITE_IPIF_I/I_SLAVE_ATTACHMENT/I_DECODER/cs_ce_clr                                                                |                1 |              4 |         4.00 |
|  IRIS_Block_Design_i/clk_wiz_0/inst/clk_out1                        |                                                                                                                                                                                                                  | IRIS_Block_Design_i/axi_gpio_3/U0/AXI_LITE_IPIF_I/I_SLAVE_ATTACHMENT/clear                                                                              |                1 |              4 |         4.00 |
|  IRIS_Block_Design_i/mdm_1/U0/No_Dbg_Reg_Access.BUFG_DRCK/Dbg_Clk_0 | IRIS_Block_Design_i/mdm_1/U0/MDM_Core_I1/Use_BSCAN.TDI_Shifter0                                                                                                                                                  | IRIS_Block_Design_i/mdm_1/U0/Use_E2.BSCAN_I/AR[0]                                                                                                       |                1 |              4 |         4.00 |
|  IRIS_Block_Design_i/clk_wiz_0/inst/clk_out1                        | IRIS_Block_Design_i/axi_gpio_5/U0/AXI_LITE_IPIF_I/I_SLAVE_ATTACHMENT/start2                                                                                                                                      | IRIS_Block_Design_i/axi_gpio_5/U0/AXI_LITE_IPIF_I/I_SLAVE_ATTACHMENT/I_DECODER/cs_ce_clr                                                                |                1 |              4 |         4.00 |
|  IRIS_Block_Design_i/clk_wiz_0/inst/clk_out1                        |                                                                                                                                                                                                                  | IRIS_Block_Design_i/axi_gpio_4/U0/AXI_LITE_IPIF_I/I_SLAVE_ATTACHMENT/clear                                                                              |                1 |              4 |         4.00 |
|  IRIS_Block_Design_i/clk_wiz_0/inst/clk_out1                        | IRIS_Block_Design_i/axi_gpio_5/U0/AXI_LITE_IPIF_I/I_SLAVE_ATTACHMENT/bus2ip_addr_i[8]_i_1_n_0                                                                                                                    | IRIS_Block_Design_i/axi_gpio_5/U0/AXI_LITE_IPIF_I/I_SLAVE_ATTACHMENT/SS[0]                                                                              |                1 |              4 |         4.00 |
|  IRIS_Block_Design_i/clk_wiz_0/inst/clk_out1                        |                                                                                                                                                                                                                  | IRIS_Block_Design_i/axi_gpio_5/U0/AXI_LITE_IPIF_I/I_SLAVE_ATTACHMENT/clear                                                                              |                2 |              4 |         2.00 |
|  IRIS_Block_Design_i/clk_wiz_0/inst/clk_out1                        | IRIS_Block_Design_i/axi_gpio_1/U0/AXI_LITE_IPIF_I/I_SLAVE_ATTACHMENT/start2                                                                                                                                      | IRIS_Block_Design_i/axi_gpio_1/U0/AXI_LITE_IPIF_I/I_SLAVE_ATTACHMENT/I_DECODER/cs_ce_clr                                                                |                1 |              4 |         4.00 |
|  IRIS_Block_Design_i/mdm_1/U0/Use_E2.BSCAN_I/Dbg_Update_0_BUFG      | IRIS_Block_Design_i/microblaze_0/U0/MicroBlaze_Core_I/Performance.Core/Use_Debug_Logic.Master_Core.Debug_Perf/Control_Reg_En                                                                                     |                                                                                                                                                         |                2 |              4 |         2.00 |
|  IRIS_Block_Design_i/mdm_1/U0/Use_E2.BSCAN_I/Dbg_Update_0_BUFG      | IRIS_Block_Design_i/mdm_1/U0/MDM_Core_I1/Use_BSCAN.MDM_SEL                                                                                                                                                       | IRIS_Block_Design_i/mdm_1/U0/Use_E2.BSCAN_I/AR[0]                                                                                                       |                1 |              4 |         4.00 |
|  IRIS_Block_Design_i/clk_wiz_0/inst/clk_out1                        | IRIS_Block_Design_i/axi_gpio_7/U0/AXI_LITE_IPIF_I/I_SLAVE_ATTACHMENT/bus2ip_addr_i[8]_i_1_n_0                                                                                                                    | IRIS_Block_Design_i/axi_gpio_7/U0/AXI_LITE_IPIF_I/I_SLAVE_ATTACHMENT/SS[0]                                                                              |                1 |              4 |         4.00 |
|  IRIS_Block_Design_i/clk_wiz_0/inst/clk_out1                        | IRIS_Block_Design_i/axi_gpio_7/U0/AXI_LITE_IPIF_I/I_SLAVE_ATTACHMENT/start2                                                                                                                                      | IRIS_Block_Design_i/axi_gpio_7/U0/AXI_LITE_IPIF_I/I_SLAVE_ATTACHMENT/I_DECODER/cs_ce_clr                                                                |                1 |              4 |         4.00 |
|  IRIS_Block_Design_i/clk_wiz_0/inst/clk_out1                        | IRIS_Block_Design_i/axi_gpio_6/U0/AXI_LITE_IPIF_I/I_SLAVE_ATTACHMENT/bus2ip_addr_i[8]_i_1_n_0                                                                                                                    | IRIS_Block_Design_i/axi_gpio_6/U0/AXI_LITE_IPIF_I/I_SLAVE_ATTACHMENT/SS[0]                                                                              |                1 |              4 |         4.00 |
|  IRIS_Block_Design_i/clk_wiz_0/inst/clk_out1                        | IRIS_Block_Design_i/axi_gpio_6/U0/AXI_LITE_IPIF_I/I_SLAVE_ATTACHMENT/start2                                                                                                                                      | IRIS_Block_Design_i/axi_gpio_6/U0/AXI_LITE_IPIF_I/I_SLAVE_ATTACHMENT/I_DECODER/cs_ce_clr                                                                |                2 |              4 |         2.00 |
|  IRIS_Block_Design_i/clk_wiz_0/inst/clk_out1                        | IRIS_Block_Design_i/axi_gpio_1/U0/AXI_LITE_IPIF_I/I_SLAVE_ATTACHMENT/bus2ip_addr_i[8]_i_1_n_0                                                                                                                    | IRIS_Block_Design_i/axi_gpio_1/U0/AXI_LITE_IPIF_I/I_SLAVE_ATTACHMENT/SS[0]                                                                              |                1 |              4 |         4.00 |
|  IRIS_Block_Design_i/clk_wiz_0/inst/clk_out1                        | IRIS_Block_Design_i/axi_gpio_0/U0/AXI_LITE_IPIF_I/I_SLAVE_ATTACHMENT/bus2ip_addr_i[8]_i_1_n_0                                                                                                                    | IRIS_Block_Design_i/axi_gpio_0/U0/AXI_LITE_IPIF_I/I_SLAVE_ATTACHMENT/SS[0]                                                                              |                1 |              4 |         4.00 |
|  IRIS_Block_Design_i/clk_wiz_0/inst/clk_out1                        |                                                                                                                                                                                                                  | IRIS_Block_Design_i/axi_gpio_7/U0/AXI_LITE_IPIF_I/I_SLAVE_ATTACHMENT/clear                                                                              |                1 |              4 |         4.00 |
|  IRIS_Block_Design_i/clk_wiz_0/inst/clk_out1                        | IRIS_Block_Design_i/axi_gpio_0/U0/AXI_LITE_IPIF_I/I_SLAVE_ATTACHMENT/start2                                                                                                                                      | IRIS_Block_Design_i/axi_gpio_0/U0/AXI_LITE_IPIF_I/I_SLAVE_ATTACHMENT/I_DECODER/cs_ce_clr                                                                |                1 |              4 |         4.00 |
|  IRIS_Block_Design_i/clk_wiz_0/inst/clk_out1                        |                                                                                                                                                                                                                  | IRIS_Block_Design_i/axi_gpio_6/U0/AXI_LITE_IPIF_I/I_SLAVE_ATTACHMENT/clear                                                                              |                1 |              4 |         4.00 |
|  IRIS_Block_Design_i/clk_wiz_0/inst/clk_out1                        | IRIS_Block_Design_i/axi_gpio_2/U0/AXI_LITE_IPIF_I/I_SLAVE_ATTACHMENT/start2                                                                                                                                      | IRIS_Block_Design_i/axi_gpio_2/U0/AXI_LITE_IPIF_I/I_SLAVE_ATTACHMENT/I_DECODER/cs_ce_clr                                                                |                1 |              4 |         4.00 |
|  IRIS_Block_Design_i/clk_wiz_0/inst/clk_out1                        |                                                                                                                                                                                                                  | IRIS_Block_Design_i/axi_gpio_1/U0/AXI_LITE_IPIF_I/I_SLAVE_ATTACHMENT/clear                                                                              |                1 |              4 |         4.00 |
|  IRIS_Block_Design_i/clk_wiz_0/inst/clk_out1                        | IRIS_Block_Design_i/axi_gpio_2/U0/AXI_LITE_IPIF_I/I_SLAVE_ATTACHMENT/bus2ip_addr_i[8]_i_1_n_0                                                                                                                    | IRIS_Block_Design_i/axi_gpio_2/U0/AXI_LITE_IPIF_I/I_SLAVE_ATTACHMENT/SS[0]                                                                              |                1 |              4 |         4.00 |
|  IRIS_Block_Design_i/clk_wiz_0/inst/clk_out1                        |                                                                                                                                                                                                                  | IRIS_Block_Design_i/axi_gpio_0/U0/AXI_LITE_IPIF_I/I_SLAVE_ATTACHMENT/clear                                                                              |                1 |              4 |         4.00 |
|  IRIS_Block_Design_i/clk_wiz_0/inst/clk_out1                        | IRIS_Block_Design_i/axi_uartlite_0/U0/AXI_LITE_IPIF_I/I_SLAVE_ATTACHMENT/start2                                                                                                                                  | IRIS_Block_Design_i/axi_uartlite_0/U0/AXI_LITE_IPIF_I/I_SLAVE_ATTACHMENT/I_DECODER/cs_ce_clr                                                            |                1 |              4 |         4.00 |
|  IRIS_Block_Design_i/clk_wiz_0/inst/clk_out1                        | IRIS_Block_Design_i/axi_uartlite_0/U0/UARTLITE_CORE_I/BAUD_RATE_I/en_16x_Baud                                                                                                                                    |                                                                                                                                                         |                1 |              4 |         4.00 |
|  IRIS_Block_Design_i/clk_wiz_0/inst/clk_out1                        | IRIS_Block_Design_i/axi_gpio_3/U0/AXI_LITE_IPIF_I/I_SLAVE_ATTACHMENT/start2                                                                                                                                      | IRIS_Block_Design_i/axi_gpio_3/U0/AXI_LITE_IPIF_I/I_SLAVE_ATTACHMENT/I_DECODER/cs_ce_clr                                                                |                1 |              4 |         4.00 |
|  IRIS_Block_Design_i/clk_wiz_0/inst/clk_out1                        |                                                                                                                                                                                                                  | IRIS_Block_Design_i/axi_gpio_2/U0/AXI_LITE_IPIF_I/I_SLAVE_ATTACHMENT/clear                                                                              |                1 |              4 |         4.00 |
|  IRIS_Block_Design_i/clk_wiz_0/inst/clk_out1                        | IRIS_Block_Design_i/microblaze_0/U0/MicroBlaze_Core_I/Performance.Core/Decode_I/wb_Halted                                                                                                                        | IRIS_Block_Design_i/microblaze_0/U0/MicroBlaze_Core_I/sync_reset                                                                                        |                2 |              5 |         2.50 |
|  IRIS_Block_Design_i/clk_wiz_0/inst/clk_out1                        |                                                                                                                                                                                                                  | IRIS_Block_Design_i/rst_clk_wiz_0_100M/U0/EXT_LPF/lpf_int                                                                                               |                2 |              5 |         2.50 |
|  IRIS_Block_Design_i/clk_wiz_0/inst/clk_out1                        |                                                                                                                                                                                                                  | IRIS_Block_Design_i/axi_uartlite_0/U0/UARTLITE_CORE_I/UARTLITE_TX_I/SRL_FIFO_I/I_SRL_FIFO_RBU_F/CNTR_INCR_DECR_ADDN_F_I/SS[0]                           |                3 |              6 |         2.00 |
|  IRIS_Block_Design_i/mdm_1/U0/No_Dbg_Reg_Access.BUFG_DRCK/Dbg_Clk_0 | IRIS_Block_Design_i/mdm_1/U0/Use_E2.BSCAN_I/Use_E2.BSCANE2_I_2                                                                                                                                                   |                                                                                                                                                         |                2 |              6 |         3.00 |
|  IRIS_Block_Design_i/mdm_1/U0/No_Dbg_Reg_Access.BUFG_DRCK/Dbg_Clk_0 | IRIS_Block_Design_i/mdm_1/U0/Use_E2.BSCAN_I/sel                                                                                                                                                                  |                                                                                                                                                         |                2 |              6 |         3.00 |
|  IRIS_Block_Design_i/clk_wiz_0/inst/clk_out1                        |                                                                                                                                                                                                                  | IRIS_Block_Design_i/axi_uartlite_0/U0/UARTLITE_CORE_I/UARTLITE_RX_I/SRL_FIFO_I/I_SRL_FIFO_RBU_F/CNTR_INCR_DECR_ADDN_F_I/SS[0]                           |                3 |              6 |         2.00 |
|  IRIS_Block_Design_i/clk_wiz_0/inst/clk_out1                        | IRIS_Block_Design_i/rst_clk_wiz_0_100M/U0/SEQ/seq_cnt_en                                                                                                                                                         | IRIS_Block_Design_i/rst_clk_wiz_0_100M/U0/SEQ/SEQ_COUNTER/clear                                                                                         |                1 |              6 |         6.00 |
|  IRIS_Block_Design_i/mdm_1/U0/No_Dbg_Reg_Access.BUFG_DRCK/Dbg_Clk_0 | IRIS_Block_Design_i/mdm_1/U0/MDM_Core_I1/JTAG_CONTROL_I/Use_BSCAN.FDC_I/sample_1                                                                                                                                 |                                                                                                                                                         |                1 |              6 |         6.00 |
|  IRIS_Block_Design_i/clk_wiz_0/inst/clk_out1                        | IRIS_Block_Design_i/axi_uartlite_0/U0/UARTLITE_CORE_I/BAUD_RATE_I/en_16x_Baud                                                                                                                                    | IRIS_Block_Design_i/axi_uartlite_0/U0/UARTLITE_CORE_I/UARTLITE_RX_I/SERIAL_TO_PARALLEL[8].fifo_din[8]_i_1_n_0                                           |                1 |              7 |         7.00 |
|  IRIS_Block_Design_i/clk_wiz_0/inst/clk_out1                        | IRIS_Block_Design_i/axi_uartlite_0/U0/AXI_LITE_IPIF_I/I_SLAVE_ATTACHMENT/I_DECODER/fifo_wr                                                                                                                       |                                                                                                                                                         |                1 |              8 |         8.00 |
|  IRIS_Block_Design_i/mdm_1/U0/No_Dbg_Reg_Access.BUFG_DRCK/Dbg_Clk_0 | IRIS_Block_Design_i/microblaze_0/U0/MicroBlaze_Core_I/Performance.Core/Use_Debug_Logic.Master_Core.Debug_Perf/Using_PC_Breakpoints.All_PC_Brks[0].Serial_Interface_1.address_hit_I/Compare[0].SRLC16E_I/which_pc |                                                                                                                                                         |                7 |              8 |         1.14 |
|  IRIS_Block_Design_i/mdm_1/U0/No_Dbg_Reg_Access.BUFG_DRCK/Dbg_Clk_0 | IRIS_Block_Design_i/mdm_1/U0/MDM_Core_I1/JTAG_CONTROL_I/tdi_shifter0                                                                                                                                             |                                                                                                                                                         |                1 |              8 |         8.00 |
|  IRIS_Block_Design_i/clk_wiz_0/inst/clk_out1                        | IRIS_Block_Design_i/axi_uartlite_0/U0/UARTLITE_CORE_I/UARTLITE_RX_I/SRL_FIFO_I/I_SRL_FIFO_RBU_F/DYNSHREG_F_I/fifo_wr                                                                                             |                                                                                                                                                         |                1 |              8 |         8.00 |
|  IRIS_Block_Design_i/mdm_1/U0/Use_E2.BSCAN_I/Dbg_Update_0_BUFG      | IRIS_Block_Design_i/mdm_1/U0/MDM_Core_I1/JTAG_CONTROL_I/Use_BSCAN.FDC_I/command_10                                                                                                                               |                                                                                                                                                         |                2 |              8 |         4.00 |
| ~IRIS_Block_Design_i/mdm_1/U0/Use_E2.BSCAN_I/Dbg_Update_0_BUFG      | IRIS_Block_Design_i/mdm_1/U0/MDM_Core_I1/JTAG_CONTROL_I/Use_BSCAN.command[0]_i_1_n_0                                                                                                                             |                                                                                                                                                         |                3 |              8 |         2.67 |
|  IRIS_Block_Design_i/clk_wiz_0/inst/clk_out1                        | IRIS_Block_Design_i/axi_uartlite_0/U0/AXI_LITE_IPIF_I/I_SLAVE_ATTACHMENT/s_axi_rresp_i                                                                                                                           | IRIS_Block_Design_i/axi_uartlite_0/U0/AXI_LITE_IPIF_I/I_SLAVE_ATTACHMENT/rst                                                                            |                6 |              8 |         1.33 |
|  IRIS_Block_Design_i/mdm_1/U0/No_Dbg_Reg_Access.BUFG_DRCK/Dbg_Clk_0 | IRIS_Block_Design_i/mdm_1/U0/MDM_Core_I1/JTAG_CONTROL_I/Use_BSCAN.FDC_I/Use_Serial_Unified_Completion.completion_block_reg                                                                                       |                                                                                                                                                         |                4 |             10 |         2.50 |
|  IRIS_Block_Design_i/clk_wiz_0/inst/clk_out1                        |                                                                                                                                                                                                                  | IRIS_Block_Design_i/axi_uartlite_0/U0/AXI_LITE_IPIF_I/I_SLAVE_ATTACHMENT/rst                                                                            |                4 |             10 |         2.50 |
|  IRIS_Block_Design_i/clk_wiz_0/inst/clk_out1                        | IRIS_Block_Design_i/microblaze_0/U0/MicroBlaze_Core_I/Performance.Core/Decode_I/PreFetch_Buffer_I1/OF_Valid_DFF/E[0]                                                                                             | IRIS_Block_Design_i/microblaze_0/U0/MicroBlaze_Core_I/sync_reset                                                                                        |                7 |             16 |         2.29 |
|  IRIS_Block_Design_i/clk_wiz_0/inst/clk_out1                        |                                                                                                                                                                                                                  | IRIS_Block_Design_i/microblaze_0_axi_periph/xbar/inst/gen_sasd.crossbar_sasd_0/addr_arbiter_inst/SR[0]                                                  |                9 |             17 |         1.89 |
|  IRIS_Block_Design_i/clk_wiz_0/inst/clk_out1                        | IRIS_Block_Design_i/microblaze_0_axi_periph/xbar/inst/gen_sasd.crossbar_sasd_0/addr_arbiter_inst/p_0_in1_in                                                                                                      | IRIS_Block_Design_i/microblaze_0_axi_periph/xbar/inst/gen_sasd.crossbar_sasd_0/addr_arbiter_inst/SR[0]                                                  |                4 |             19 |         4.75 |
|  IRIS_Block_Design_i/clk_wiz_0/inst/clk_out1                        |                                                                                                                                                                                                                  | IRIS_Block_Design_i/axi_gpio_7/U0/AXI_LITE_IPIF_I/I_SLAVE_ATTACHMENT/SS[0]                                                                              |                7 |             20 |         2.86 |
|  IRIS_Block_Design_i/clk_wiz_0/inst/clk_out1                        |                                                                                                                                                                                                                  | IRIS_Block_Design_i/axi_gpio_5/U0/AXI_LITE_IPIF_I/I_SLAVE_ATTACHMENT/SS[0]                                                                              |                6 |             20 |         3.33 |
|  IRIS_Block_Design_i/clk_wiz_0/inst/clk_out1                        |                                                                                                                                                                                                                  | IRIS_Block_Design_i/axi_gpio_4/U0/AXI_LITE_IPIF_I/I_SLAVE_ATTACHMENT/SS[0]                                                                              |                8 |             20 |         2.50 |
|  IRIS_Block_Design_i/clk_wiz_0/inst/clk_out1                        |                                                                                                                                                                                                                  | IRIS_Block_Design_i/axi_gpio_2/U0/AXI_LITE_IPIF_I/I_SLAVE_ATTACHMENT/SS[0]                                                                              |                7 |             20 |         2.86 |
|  IRIS_Block_Design_i/clk_wiz_0/inst/clk_out1                        | IRIS_Block_Design_i/microblaze_0/U0/MicroBlaze_Core_I/Performance.Core/Decode_I/mem_wait_on_ready_N_carry_or/MUXCY_I/lopt_1                                                                                      | IRIS_Block_Design_i/microblaze_0/U0/MicroBlaze_Core_I/sync_reset                                                                                        |                6 |             20 |         3.33 |
|  IRIS_Block_Design_i/clk_wiz_0/inst/clk_out1                        |                                                                                                                                                                                                                  | IRIS_Block_Design_i/axi_gpio_3/U0/AXI_LITE_IPIF_I/I_SLAVE_ATTACHMENT/SS[0]                                                                              |                6 |             20 |         3.33 |
|  IRIS_Block_Design_i/clk_wiz_0/inst/clk_out1                        |                                                                                                                                                                                                                  | IRIS_Block_Design_i/axi_gpio_0/U0/AXI_LITE_IPIF_I/I_SLAVE_ATTACHMENT/SS[0]                                                                              |                5 |             20 |         4.00 |
|  IRIS_Block_Design_i/clk_wiz_0/inst/clk_out1                        |                                                                                                                                                                                                                  | IRIS_Block_Design_i/axi_gpio_1/U0/AXI_LITE_IPIF_I/I_SLAVE_ATTACHMENT/SS[0]                                                                              |                7 |             20 |         2.86 |
|  IRIS_Block_Design_i/clk_wiz_0/inst/clk_out1                        |                                                                                                                                                                                                                  | IRIS_Block_Design_i/axi_gpio_6/U0/AXI_LITE_IPIF_I/I_SLAVE_ATTACHMENT/SS[0]                                                                              |                6 |             20 |         3.33 |
|  IRIS_Block_Design_i/mdm_1/U0/No_Dbg_Reg_Access.BUFG_DRCK/Dbg_Clk_0 |                                                                                                                                                                                                                  | IRIS_Block_Design_i/mdm_1/U0/Use_E2.BSCAN_I/Use_E2.BSCANE2_I_4                                                                                          |                5 |             23 |         4.60 |
|  IRIS_Block_Design_i/clk_wiz_0/inst/clk_out1                        | IRIS_Block_Design_i/axi_uartlite_0/U0/UARTLITE_CORE_I/BAUD_RATE_I/en_16x_Baud                                                                                                                                    | IRIS_Block_Design_i/axi_uartlite_0/U0/UARTLITE_CORE_I/UARTLITE_RX_I/s_axi_aresetn_0                                                                     |                7 |             28 |         4.00 |
|  IRIS_Block_Design_i/clk_wiz_0/inst/clk_out1                        |                                                                                                                                                                                                                  | IRIS_Block_Design_i/axi_uartlite_0/U0/UARTLITE_CORE_I/UARTLITE_RX_I/s_axi_aresetn_0                                                                     |               10 |             30 |         3.00 |
|  IRIS_Block_Design_i/mdm_1/U0/No_Dbg_Reg_Access.BUFG_DRCK/Dbg_Clk_0 | IRIS_Block_Design_i/microblaze_0/U0/MicroBlaze_Core_I/Performance.Core/Use_Debug_Logic.Master_Core.Debug_Perf/Serial_Dbg_Intf.New_Dbg_Instr_TCK                                                                  |                                                                                                                                                         |                9 |             32 |         3.56 |
|  IRIS_Block_Design_i/clk_wiz_0/inst/clk_out1                        | IRIS_Block_Design_i/microblaze_0/U0/MicroBlaze_Core_I/Performance.Core/Use_Debug_Logic.Master_Core.Debug_Perf/data_rd_reg[0]_i_1_n_0                                                                             | IRIS_Block_Design_i/microblaze_0/U0/MicroBlaze_Core_I/sync_reset                                                                                        |               10 |             32 |         3.20 |
|  IRIS_Block_Design_i/clk_wiz_0/inst/clk_out1                        | IRIS_Block_Design_i/microblaze_0/U0/MicroBlaze_Core_I/Performance.Core/Decode_I/mem_wait_on_ready_N_carry_or/MUXCY_I/lopt_1                                                                                      |                                                                                                                                                         |                8 |             32 |         4.00 |
|  IRIS_Block_Design_i/clk_wiz_0/inst/clk_out1                        | IRIS_Block_Design_i/microblaze_0/U0/MicroBlaze_Core_I/Performance.Core/Decode_I/mem_wait_on_ready_N_carry_or/MUXCY_I/lopt_1                                                                                      | IRIS_Block_Design_i/microblaze_0/U0/MicroBlaze_Core_I/Performance.Core/Decode_I/SR[0]                                                                   |               11 |             32 |         2.91 |
|  IRIS_Block_Design_i/clk_wiz_0/inst/clk_out1                        | IRIS_Block_Design_i/microblaze_0/U0/MicroBlaze_Core_I/Performance.Core/Decode_I/Use_MuxCy[3].OF_Piperun_Stage/MUXCY_I/E[0]                                                                                       | IRIS_Block_Design_i/microblaze_0/U0/MicroBlaze_Core_I/sync_reset                                                                                        |                7 |             32 |         4.57 |
|  IRIS_Block_Design_i/clk_wiz_0/inst/clk_out1                        | IRIS_Block_Design_i/microblaze_0/U0/MicroBlaze_Core_I/Performance.Core/Decode_I/Use_MuxCy[3].OF_Piperun_Stage/MUXCY_I/Using_FPGA.Native_0                                                                        | IRIS_Block_Design_i/microblaze_0/U0/MicroBlaze_Core_I/Performance.Core/Decode_I/R                                                                       |               11 |             32 |         2.91 |
|  IRIS_Block_Design_i/clk_wiz_0/inst/clk_out1                        | IRIS_Block_Design_i/microblaze_0/U0/MicroBlaze_Core_I/Performance.Core/Decode_I/PreFetch_Buffer_I1/Gen_Mux_Select_LUT6[1].Gen_Sel_DFF/if_fetch_in_progress_reg[0]                                                | IRIS_Block_Design_i/microblaze_0/U0/MicroBlaze_Core_I/sync_reset                                                                                        |                7 |             32 |         4.57 |
|  IRIS_Block_Design_i/clk_wiz_0/inst/clk_out1                        |                                                                                                                                                                                                                  | IRIS_Block_Design_i/microblaze_0/U0/MicroBlaze_Core_I/Performance.Core/wb_dlmb_valid_read_data0                                                         |               10 |             32 |         3.20 |
|  IRIS_Block_Design_i/clk_wiz_0/inst/clk_out1                        | IRIS_Block_Design_i/microblaze_0_axi_periph/xbar/inst/gen_sasd.crossbar_sasd_0/addr_arbiter_inst/s_axi_rvalid[0]                                                                                                 | IRIS_Block_Design_i/microblaze_0/U0/MicroBlaze_Core_I/sync_reset                                                                                        |               11 |             32 |         2.91 |
|  IRIS_Block_Design_i/clk_wiz_0/inst/clk_out1                        | IRIS_Block_Design_i/microblaze_0_axi_periph/xbar/inst/gen_sasd.crossbar_sasd_0/reg_slice_r/aa_rready                                                                                                             |                                                                                                                                                         |               16 |             32 |         2.00 |
|  IRIS_Block_Design_i/clk_wiz_0/inst/clk_out1                        | IRIS_Block_Design_i/microblaze_0_axi_periph/xbar/inst/gen_sasd.crossbar_sasd_0/addr_arbiter_inst/E[0]                                                                                                            |                                                                                                                                                         |               13 |             33 |         2.54 |
|  IRIS_Block_Design_i/mdm_1/U0/No_Dbg_Reg_Access.BUFG_DRCK/Dbg_Clk_0 | IRIS_Block_Design_i/mdm_1/U0/Use_E2.BSCAN_I/Use_E2.BSCANE2_I_0                                                                                                                                                   |                                                                                                                                                         |               11 |             47 |         4.27 |
|  IRIS_Block_Design_i/clk_wiz_0/inst/clk_out1                        | IRIS_Block_Design_i/microblaze_0/U0/MicroBlaze_Core_I/Performance.Core/Decode_I/Use_MuxCy[3].OF_Piperun_Stage/MUXCY_I/Using_FPGA.Native_0                                                                        | IRIS_Block_Design_i/microblaze_0/U0/MicroBlaze_Core_I/sync_reset                                                                                        |               17 |             52 |         3.06 |
|  IRIS_Block_Design_i/clk_wiz_0/inst/clk_out1                        | IRIS_Block_Design_i/microblaze_0/U0/MicroBlaze_Core_I/Performance.Core/Decode_I/PreFetch_Buffer_I1/Instruction_Prefetch_Mux[42].Instr_Mux_MUXF7/IReady_0                                                         |                                                                                                                                                         |               10 |             75 |         7.50 |
|  IRIS_Block_Design_i/mdm_1/U0/No_Dbg_Reg_Access.BUFG_DRCK/Dbg_Clk_0 |                                                                                                                                                                                                                  |                                                                                                                                                         |               25 |             80 |         3.20 |
|  IRIS_Block_Design_i/clk_wiz_0/inst/clk_out1                        | IRIS_Block_Design_i/microblaze_0/U0/MicroBlaze_Core_I/Performance.Core/Decode_I/WB_GPR_Wr                                                                                                                        |                                                                                                                                                         |               16 |            128 |         8.00 |
|  IRIS_Block_Design_i/clk_wiz_0/inst/clk_out1                        |                                                                                                                                                                                                                  | IRIS_Block_Design_i/microblaze_0/U0/MicroBlaze_Core_I/sync_reset                                                                                        |               65 |            150 |         2.31 |
|  IRIS_Block_Design_i/clk_wiz_0/inst/clk_out1                        |                                                                                                                                                                                                                  |                                                                                                                                                         |               66 |            166 |         2.52 |
|  IRIS_Block_Design_i/clk_wiz_0/inst/clk_out1                        | IRIS_Block_Design_i/microblaze_0/U0/MicroBlaze_Core_I/Performance.Core/Decode_I/Use_MuxCy[11].OF_Piperun_Stage/MUXCY_I/Using_FPGA.Native_0                                                                       | IRIS_Block_Design_i/microblaze_0/U0/MicroBlaze_Core_I/sync_reset                                                                                        |               76 |            218 |         2.87 |
+---------------------------------------------------------------------+------------------------------------------------------------------------------------------------------------------------------------------------------------------------------------------------------------------+---------------------------------------------------------------------------------------------------------------------------------------------------------+------------------+----------------+--------------+


