#-----------------------------------------------------------
# Vivado v2023.2 (64-bit)
# SW Build 4029153 on Fri Oct 13 20:14:34 MDT 2023
# IP Build 4028589 on Sat Oct 14 00:45:43 MDT 2023
# SharedData Build 4025554 on Tue Oct 10 17:18:54 MDT 2023
# Start of session at: Thu Dec 14 14:52:33 2023
# Process ID: 22200
# Current directory: C:/Users/yohan/Documents/IRIS_CubeSat/I.R.I.S. - CubeSat - Master.runs/impl_1
# Command line: vivado.exe -log IRIS_Block_Design_wrapper.vdi -applog -product Vivado -messageDb vivado.pb -mode batch -source IRIS_Block_Design_wrapper.tcl -notrace
# Log file: C:/Users/yohan/Documents/IRIS_CubeSat/I.R.I.S. - CubeSat - Master.runs/impl_1/IRIS_Block_Design_wrapper.vdi
# Journal file: C:/Users/yohan/Documents/IRIS_CubeSat/I.R.I.S. - CubeSat - Master.runs/impl_1\vivado.jou
# Running On: DESKTOP-BC6995K, OS: Windows, CPU Frequency: 1992 MHz, CPU Physical cores: 4, Host memory: 16944 MB
#-----------------------------------------------------------
source IRIS_Block_Design_wrapper.tcl -notrace
